// Jest Snapshot v1, https://goo.gl/fbAQLP

exports[`snapshot testing employee card 1`] = `
"<div class=\\"card\\">
  <div class=\\"card-body\\">
    <h5 class=\\"card-title\\">John Hartman</h5>
    <h6 class=\\"card-subtitle mb-2 text-muted\\">CEO</h6>
    <p>2 subordinate(s)</p><a href=\\"/\\" class=\\"btn btn-primary\\">View</a>
  </div>
</div>"
`;
